// Jest Snapshot v1, https://goo.gl/fbAQLP

exports[`Options include {Array<{RegExp}>} 1`] = `"(window.webpackJsonp=window.webpackJsonp||[]).push([[0],[function(o,n){o.exports=function(){console.log(7)}}],[[0,3,0]]]);"`;

exports[`Options include {Array<{RegExp}>} 2`] = `"(window.webpackJsonp=window.webpackJsonp||[]).push([[1],[,function(o,n){o.exports=function(){console.log(7)}}],[[1,3,1]]]);"`;

exports[`Options include {RegExp} 1`] = `"(window.webpackJsonp=window.webpackJsonp||[]).push([[0],[function(o,n){o.exports=function(){console.log(7)}}],[[0,3,0]]]);"`;

exports[`Options include {RegExp} 2`] = `
"(window[\\"webpackJsonp\\"] = window[\\"webpackJsonp\\"] || []).push([[1],[
/* 0 */,
/* 1 */
/***/ (function(module, exports) {

module.exports = function Bar2() {
  const b = 2 + 2;
  console.log(b + 1 + 2);
};


/***/ })
],[[1,3,1]]]);
//# sourceMappingURL=2.bundle.js.map"
`;
