// Jest Snapshot v1, https://goo.gl/fbAQLP

exports[`when applied with all options matches snapshot: errors 1`] = `Array []`;

exports[`when applied with all options matches snapshot: main.0c220ec66316af2c1b24.js 1`] = `
"webpackJsonp([ 0 ], [ function(module, exports) {
    module.exports = function() {
        console.log(7);
    };
} ], [ 0 ]);"
`;

exports[`when applied with all options matches snapshot: manifest.d6857f782c13a99b5917.js 1`] = `
"!function(modules) {
    var parentJsonpFunction = window.webpackJsonp;
    window.webpackJsonp = function(chunkIds, moreModules, executeModules) {
        for (var moduleId, chunkId, result, i = 0, resolves = []; i < chunkIds.length; i++) chunkId = chunkIds[i], 
        installedChunks[chunkId] && resolves.push(installedChunks[chunkId][0]), installedChunks[chunkId] = 0;
        for (moduleId in moreModules) Object.prototype.hasOwnProperty.call(moreModules, moduleId) && (modules[moduleId] = moreModules[moduleId]);
        for (parentJsonpFunction && parentJsonpFunction(chunkIds, moreModules, executeModules); resolves.length; ) resolves.shift()();
        if (executeModules) for (i = 0; i < executeModules.length; i++) result = __webpack_require__(__webpack_require__.s = executeModules[i]);
        return result;
    };
    var installedModules = {}, installedChunks = {
        1: 0
    };
    function __webpack_require__(moduleId) {
        if (installedModules[moduleId]) return installedModules[moduleId].exports;
        var module = installedModules[moduleId] = {
            i: moduleId,
            l: !1,
            exports: {}
        };
        return modules[moduleId].call(module.exports, module, module.exports, __webpack_require__), 
        module.l = !0, module.exports;
    }
    __webpack_require__.m = modules, __webpack_require__.c = installedModules, __webpack_require__.d = function(exports, name, getter) {
        __webpack_require__.o(exports, name) || Object.defineProperty(exports, name, {
            configurable: !1,
            enumerable: !0,
            get: getter
        });
    }, __webpack_require__.n = function(module) {
        var getter = module && module.__esModule ? function() {
            return module.default;
        } : function() {
            return module;
        };
        return __webpack_require__.d(getter, \\"a\\", getter), getter;
    }, __webpack_require__.o = function(object, property) {
        return Object.prototype.hasOwnProperty.call(object, property);
    }, __webpack_require__.p = \\"\\", __webpack_require__.oe = function(err) {
        throw console.error(err), err;
    };
}([]);"
`;

exports[`when applied with all options matches snapshot: warnings 1`] = `
Array [
  "Error: main.0c220ec66316af2c1b24.js from UglifyJs
Dropping unused variable a [./test/fixtures/entry.js:4,0]",
]
`;
