// Jest Snapshot v1, https://goo.gl/fbAQLP

exports[`first.js 1`] = `
Object {
  "code": "/******/!function(n){/******/
/******/
// The require function
/******/
function t(e){/******/
/******/
// Check if module is in cache
/******/
if(u[e])/******/
return u[e].n;/******/
// Create a new module (and put it into the cache)
/******/
var r=u[e]={/******/
t:e,/******/
u:!1,/******/
n:{}};/******/
/******/
// Return the exports of the module
/******/
/******/
/******/
// Execute the module function
/******/
/******/
/******/
// Flag the module as loaded
/******/
return n[e].e(r.n,r,r.n,t),r.u=!0,r.n}// webpackBootstrap
/******/
// The module cache
/******/
var u={};/******/
/******/
// Load entry module and return exports
/******/
/******/
/******/
/******/
// expose the modules object (__webpack_modules__)
/******/
t.r=n,/******/
/******/
// expose the module cache
/******/
t.o=u,/******/
/******/
// define getter function for harmony exports
/******/
t.c=function(n,u,e){/******/
t.i(n,u)||/******/
Object.f(n,u,{/******/
a:!1,/******/
l:!0,/******/
s:e})},/******/
/******/
// getDefaultExport function for compatibility with non-harmony modules
/******/
t.b=function(n){/******/
var u=n&&n.d?/******/
function(){return n.v}:/******/
function(){return n};/******/
/******/
return t.c(u,\\"a\\",u),u},/******/
/******/
// Object.prototype.hasOwnProperty.call
/******/
t.i=function(n,t){return Object.j.m.e(n,t)},/******/
/******/
// __webpack_public_path__
/******/
t.O=\\"\\",t(t.g=0)}([/* 0 */
/***/
function(n,t,u){\\"use strict\\";Object.f(t,\\"__esModule\\",{_:!0});/* harmony import */
var e=u(1);document.p.h(e.w())},/* 1 */
/***/
function(n,t,u){\\"use strict\\";/* harmony default export */
t.w=function(){const n=document.x(\\"h1\\");return n.H=\\"demo-button\\",n.M=\\"Hello world\\",n}}]);",
  "error": undefined,
  "extractedComments": Array [
    "/******/",
    "/******/",
    "/******/",
    "// The require function",
    "/******/",
    "/******/",
    "/******/",
    "// Check if module is in cache",
    "/******/",
    "/******/",
    "/******/",
    "// Create a new module (and put it into the cache)",
    "/******/",
    "/******/",
    "/******/",
    "/******/",
    "/******/",
    "/******/",
    "// Return the exports of the module",
    "/******/",
    "/******/",
    "/******/",
    "// Execute the module function",
    "/******/",
    "/******/",
    "/******/",
    "// Flag the module as loaded",
    "/******/",
    "// webpackBootstrap",
    "/******/",
    "// The module cache",
    "/******/",
    "/******/",
    "/******/",
    "// Load entry module and return exports",
    "/******/",
    "/******/",
    "/******/",
    "/******/",
    "// expose the modules object (__webpack_modules__)",
    "/******/",
    "/******/",
    "/******/",
    "// expose the module cache",
    "/******/",
    "/******/",
    "/******/",
    "// define getter function for harmony exports",
    "/******/",
    "/******/",
    "/******/",
    "/******/",
    "/******/",
    "/******/",
    "/******/",
    "/******/",
    "// getDefaultExport function for compatibility with non-harmony modules",
    "/******/",
    "/******/",
    "/******/",
    "/******/",
    "/******/",
    "/******/",
    "/******/",
    "/******/",
    "// Object.prototype.hasOwnProperty.call",
    "/******/",
    "/******/",
    "/******/",
    "// __webpack_public_path__",
    "/******/",
    "/* 0 */",
    "/***/",
    "/* harmony import */",
    "/* 1 */",
    "/***/",
    "/* harmony default export */",
  ],
  "map": undefined,
  "warnings": undefined,
}
`;
